   Compiling proc-macro2 v1.0.106
   Compiling quote v1.0.44
   Compiling unicode-ident v1.0.23
   Compiling cfg-if v1.0.4
   Compiling serde_core v1.0.228
   Compiling serde v1.0.228
   Compiling windows-link v0.2.1
   Compiling getrandom v0.3.4
   Compiling equivalent v1.0.2
   Compiling memchr v2.8.0
   Compiling libm v0.2.16
   Compiling autocfg v1.5.0
   Compiling once_cell v1.21.3
   Compiling itoa v1.0.17
   Compiling version_check v0.9.5
   Compiling scopeguard v1.2.0
   Compiling pin-project-lite v0.2.16
   Compiling parking_lot_core v0.9.12
   Compiling foldhash v0.2.0
   Compiling fnv v1.0.7
   Compiling zerocopy v0.8.39
   Compiling stable_deref_trait v1.2.1
   Compiling windows_x86_64_msvc v0.53.1
   Compiling futures-core v0.3.31
   Compiling shlex v1.3.0
   Compiling crossbeam-utils v0.8.21
   Compiling find-msvc-tools v0.1.9
   Compiling typenum v1.19.0
   Compiling log v0.4.29
   Compiling futures-sink v0.3.31
   Compiling slab v0.4.12
   Compiling futures-io v0.3.31
   Compiling windows-sys v0.61.2
   Compiling getrandom v0.2.17
   Compiling allocator-api2 v0.2.21
   Compiling lock_api v0.4.14
   Compiling pin-utils v0.1.0
   Compiling futures-channel v0.3.31
   Compiling either v1.15.0
   Compiling futures-task v0.3.31
   Compiling siphasher v1.0.2
   Compiling tracing-core v0.1.36
   Compiling hashbrown v0.16.1
   Compiling anyhow v1.0.101
   Compiling byteorder v1.5.0
   Compiling subtle v2.6.1
   Compiling libc v0.2.182
   Compiling httparse v1.10.1
   Compiling ident_case v1.0.1
   Compiling thiserror v2.0.18
   Compiling percent-encoding v2.3.2
   Compiling strsim v0.11.1
   Compiling phf_shared v0.11.3
   Compiling rayon-core v1.13.0
   Compiling tower-service v0.3.3
   Compiling zmij v1.0.21
   Compiling rand_core v0.6.4
   Compiling litemap v0.8.1
   Compiling writeable v0.6.2
   Compiling generic-array v0.14.7
   Compiling foldhash v0.1.5
   Compiling ahash v0.8.12
   Compiling num-traits v0.2.19
   Compiling rand v0.8.5
   Compiling icu_normalizer_data v2.1.1
   Compiling hashbrown v0.15.5
   Compiling serde_json v1.0.149
   Compiling httpdate v1.0.3
   Compiling icu_properties_data v2.1.2
   Compiling indexmap v2.13.0
   Compiling try-lock v0.2.5
   Compiling aho-corasick v1.1.4
   Compiling want v0.3.1
   Compiling phf_generator v0.11.3
   Compiling heapless v0.8.0
   Compiling regex-syntax v0.8.9
   Compiling winnow v0.7.14
   Compiling hash32 v0.3.1
   Compiling semver v1.0.27
   Compiling fastrand v2.3.0
   Compiling bytemuck v1.25.0
   Compiling windows-link v0.1.3
   Compiling rustc_version v0.4.1
   Compiling getrandom v0.4.1
   Compiling cpufeatures v0.2.17
   Compiling mime v0.3.17
   Compiling form_urlencoded v1.2.2
   Compiling itertools v0.14.0
   Compiling atomic-waker v1.1.2
   Compiling utf8_iter v1.0.4
   Compiling heck v0.5.0
   Compiling base64 v0.22.1
   Compiling robust v1.2.0
   Compiling matrixmultiply v0.3.10
   Compiling itertools v0.11.0
   Compiling crunchy v0.2.4
   Compiling sync_wrapper v1.0.2
   Compiling mio v1.1.1
   Compiling new_debug_unreachable v1.0.6
   Compiling tower-layer v0.3.3
   Compiling jobserver v0.1.34
   Compiling i_tree v0.16.0
   Compiling i_key_sort v0.6.0
   Compiling syn v1.0.109
   Compiling crc32fast v1.5.0
   Compiling simdutf8 v0.1.5
   Compiling crossbeam-epoch v0.9.18
   Compiling toml_datetime v0.7.5+spec-1.1.0
   Compiling simd-adler32 v0.3.8
   Compiling rand_core v0.9.5
   Compiling cc v1.2.56
   Compiling windows-targets v0.53.5
   Compiling winapi-util v0.1.11
   Compiling windows-strings v0.4.2
   Compiling windows-sys v0.60.2
   Compiling windows-result v0.3.4
   Compiling phf_codegen v0.11.3
   Compiling utf-8 v0.7.6
   Compiling winapi v0.3.9
   Compiling fs_extra v1.3.0
   Compiling rawpointer v0.2.1
   Compiling dunce v1.0.5
   Compiling crossbeam-deque v0.8.6
   Compiling toml_parser v1.0.8+spec-1.1.0
   Compiling tiny-keccak v2.0.2
   Compiling encoding_rs v0.8.35
   Compiling powerfmt v0.2.0
   Compiling num-conv v0.2.0
   Compiling unicase v2.9.0
   Compiling matchit v0.8.4
   Compiling time-core v0.1.8
   Compiling float_next_after v1.0.0
   Compiling regex-automata v0.4.14
   Compiling i_float v1.15.0
   Compiling geographiclib-rs v0.2.6
   Compiling mac v0.1.1
   Compiling rustversion v1.0.22
   Compiling syn v2.0.115
   Compiling string_cache_codegen v0.5.4
   Compiling cmake v0.1.57
   Compiling toml_edit v0.23.10+spec-1.0.0
   Compiling rust_decimal v1.40.0
   Compiling rayon v1.11.0
   Compiling crypto-common v0.1.7
   Compiling block-buffer v0.10.4
   Compiling i_shape v1.14.0
   Compiling inout v0.1.4
   Compiling precomputed-hash v0.1.1
   Compiling adler2 v2.0.1
   Compiling windows_x86_64_msvc v0.52.6
   Compiling time-macros v0.2.27
   Compiling futf v0.1.5
   Compiling digest v0.10.7
   Compiling miniz_oxide v0.8.9
   Compiling web_atoms v0.1.3
   Compiling cipher v0.4.4
   Compiling deranged v0.5.6
   Compiling num-integer v0.1.46
   Compiling approx v0.5.1
   Compiling earcutr v0.4.3
   Compiling flatbuffers v25.12.19
   Compiling rstest_macros v0.26.1
   Compiling proc-macro-crate v3.4.0
   Compiling itertools v0.12.1
   Compiling untrusted v0.9.0
   Compiling base64ct v1.8.3
   Compiling zlib-rs v0.6.0
   Compiling ring v0.17.14
   Compiling aws-lc-sys v0.37.1
   Compiling lz4-sys v1.11.1+lz4-1.10.0
   Compiling bitflags v2.10.0
   Compiling uuid v1.20.0
   Compiling socket2 v0.6.2
   Compiling ucd-trie v0.1.7
   Compiling paste v1.0.15
   Compiling password-hash v0.5.0
   Compiling pest v2.8.6
   Compiling sha1 v0.10.6
   Compiling tendril v0.4.3
   Compiling regex v1.12.3
   Compiling phf_shared v0.13.1
   Compiling same-file v1.0.6
   Compiling crossbeam-queue v0.3.12
   Compiling concurrent-queue v2.5.0
   Compiling seize v0.5.1
   Compiling safe_arch v0.7.4
   Compiling windows-threading v0.1.0
   Compiling relative-path v1.9.3
   Compiling i_overlay v4.0.7
   Compiling strsim v0.10.0
   Compiling glob v0.3.3
   Compiling const-random-macro v0.1.16
   Compiling dtoa v1.0.11
   Compiling zeroize v1.8.2
   Compiling windows_x86_64_msvc v0.48.5
   Compiling ntapi v0.4.3
   Compiling parking v2.2.1
   Compiling aws-lc-rs v1.15.4
   Compiling virtue v0.0.18
   Compiling base64 v0.21.7
   Compiling sif-itree v0.4.0
   Compiling event-listener v5.4.1
   Compiling wide v0.7.33
   Compiling dtoa-short v0.3.5
   Compiling papaya v0.2.3
   Compiling phf_generator v0.13.1
   Compiling windows-targets v0.52.6
   Compiling walkdir v2.5.0
   Compiling blake3 v1.8.3
   Compiling num-bigint v0.4.6
   Compiling tempfile v3.25.0
   Compiling blake2 v0.10.6
   Compiling sha2 v0.10.9
   Compiling hmac v0.12.1
   Compiling rmp v0.8.15
   Compiling crossbeam-channel v0.5.15
   Compiling toml_datetime v0.6.11
   Compiling time v0.3.47
   Compiling fst v0.4.7
   Compiling untrusted v0.7.1
   Compiling thiserror v1.0.69
   Compiling bincode_derive v2.0.1
   Compiling pest_meta v2.8.6
   Compiling ipnet v2.11.0
   Compiling prettyplease v0.2.37
   Compiling anstyle v1.0.13
   Compiling ciborium-io v0.2.2
   Compiling fastnum v0.7.4
   Compiling utf8parse v0.2.2
   Compiling unty v0.0.4
   Compiling flate2 v1.1.9
   Compiling bytes v1.11.1
   Compiling rustls v0.21.12
   Compiling radium v0.7.0
   Compiling winnow v0.5.40
   Compiling num_cpus v1.17.0
   Compiling darling_core v0.14.4
   Compiling urlencoding v2.1.3
   Compiling ryu v1.0.23
   Compiling once_cell_polyfill v1.70.2
   Compiling synstructure v0.13.2
   Compiling darling_core v0.20.11
   Compiling darling_core v0.21.3
   Compiling futures-timer v3.0.3
   Compiling anstyle-wincon v3.0.11
   Compiling pest_generator v2.8.6
   Compiling arc-swap v1.8.1
   Compiling anstyle-parse v0.2.7
   Compiling crossbeam v0.8.4
   Compiling pbkdf2 v0.12.2
   Compiling windows-sys v0.52.0
   Compiling const-random v0.1.18
   Compiling event-listener-strategy v0.5.4
   Compiling dlv-list v0.5.2
   Compiling num-rational v0.4.2
   Compiling salsa20 v0.10.2
   Compiling blowfish v0.9.1
   Compiling noisy_float v0.2.1
   Compiling pxfm v0.1.27
   Compiling crossbeam-skiplist v0.1.3
   Compiling fdeflate v0.3.7
   Compiling pem v3.0.6
   Compiling anstyle-query v1.1.5
   Compiling itertools v0.13.0
   Compiling thread_local v1.1.9
   Compiling bnum v0.12.1
   Compiling fixedbitset v0.4.2
   Compiling data-encoding v2.10.0
   Compiling trice v0.4.0
   Compiling endian-type v0.2.0
   Compiling inflections v1.1.1
   Compiling tap v1.0.1
   Compiling deunicode v1.6.2
   Compiling constant_time_eq v0.4.2
   Compiling bumpalo v3.19.1
   Compiling is_terminal_polyfill v1.70.2
   Compiling surrealdb-core v3.0.0-beta (https://github.com/happyrust/surrealdb?branch=updated#5e96aea2)
   Compiling humantime v2.3.0
   Compiling zune-core v0.5.1
   Compiling arrayref v0.3.9
   Compiling toml_write v0.1.2
   Compiling psl-types v2.0.11
   Compiling signature v2.2.0
   Compiling maplit v1.0.2
   Compiling colorchoice v1.0.4
   Compiling hex v0.4.3
   Compiling zune-jpeg v0.5.12
   Compiling addr v0.15.6
   Compiling toml_edit v0.19.15
   Compiling socket2 v0.5.10
   Compiling zopfli v0.8.3
   Compiling lexicmp v0.2.0
   Compiling wyz v0.5.1
   Compiling anstream v0.6.21
   Compiling petgraph v0.6.5
   Compiling png v0.18.0
   Compiling dmp v0.2.3
   Compiling fuzzy-matcher v0.3.7
   Compiling scrypt v0.11.0
   Compiling bcrypt v0.18.0
   Compiling async-channel v2.5.0
   Compiling windows-targets v0.48.5
   Compiling darling_macro v0.14.4
   Compiling argon2 v0.5.3
   Compiling md-5 v0.10.6
   Compiling ordered-float v5.1.0
   Compiling ena v0.14.4
   Compiling cached_proc_macro_types v0.1.1
   Compiling byteorder-lite v0.1.0
   Compiling vart v0.9.3
   Compiling unicode-xid v0.2.6
   Compiling clap_lex v1.0.0
   Compiling path-clean v1.0.1
   Compiling const_soft_float v0.1.4
   Compiling arraydeque v0.5.1
   Compiling surrealdb v3.0.0-beta (https://github.com/happyrust/surrealdb?branch=updated#5e96aea2)
   Compiling alloc-no-stdlib v2.0.4
   Compiling funty v2.0.0
   Compiling debug_unsafe v0.1.4
   Compiling tinyvec_macros v0.1.1
   Compiling reblessive v0.4.3
   Compiling unicode-width v0.2.2
   Compiling web-time v1.1.0
   Compiling unicode-segmentation v1.12.0
   Compiling serde_derive v1.0.228
   Compiling zerocopy-derive v0.8.39
   Compiling tokio-macros v2.6.0
   Compiling zerofrom-derive v0.1.6
   Compiling futures-macro v0.3.31
   Compiling yoke-derive v0.8.1
   Compiling tracing-attributes v0.1.31
   Compiling zerovec-derive v0.11.2
   Compiling displaydoc v0.2.5
   Compiling thiserror-impl v2.0.18
   Compiling ptr_meta_derive v0.3.1
   Compiling async-trait v0.1.89
   Compiling bytecheck_derive v0.8.2
   Compiling windows-implement v0.60.2
   Compiling phf_macros v0.11.3
   Compiling munge_macro v0.4.7
   Compiling windows-interface v0.59.3
   Compiling pin-project-internal v1.1.10
   Compiling rkyv_derive v0.8.15
   Compiling prost-derive v0.14.3
   Compiling darling_macro v0.20.11
   Compiling prost-derive v0.12.6
   Compiling cssparser-macros v0.6.1
   Compiling match_token v0.35.0
   Compiling darling_macro v0.21.3
   Compiling phf_macros v0.13.1
   Compiling strum_macros v0.27.2
   Compiling phf v0.11.3
   Compiling nalgebra-macros v0.3.0
   Compiling futures-util v0.3.31
   Compiling ptr_meta v0.3.1
   Compiling storekey-derive v0.11.0
   Compiling thiserror-impl v1.0.69
   Compiling rancor v0.1.1
   Compiling surrealdb-types-derive v3.0.0-beta (https://github.com/happyrust/surrealdb?branch=updated#5e96aea2)
   Compiling darling v0.20.11
   Compiling revision-derive v0.17.0
   Compiling darling v0.21.3
   Compiling bytecheck v0.8.2
   Compiling darling v0.14.4
   Compiling windows-core v0.61.2
   Compiling proc-macro-crate v1.3.1
   Compiling moxcms v0.7.11
   Compiling rend v0.5.3
   Compiling num-derive v0.4.2
   Compiling gltf-derive v1.4.1
   Compiling tracing v0.1.44
   Compiling pest_derive v2.8.6
   Compiling zerofrom v0.1.6
   Compiling munge v0.4.7
   Compiling windows-future v0.2.1
   Compiling yoke v0.8.1
   Compiling windows-collections v0.2.0
   Compiling windows-numerics v0.2.0
   Compiling minimal-lexical v0.2.1
   Compiling multimap v0.10.1
   Compiling pin-project v1.1.10
   Compiling lazy_static v1.5.0
   Compiling zerovec v0.11.5
   Compiling zerotrie v0.2.3
   Compiling downcast-rs v2.0.2
   Compiling deku_derive v0.16.0
   Compiling windows v0.61.3
   Compiling serde_with_macros v3.16.1
   Compiling cached_proc_macro v0.25.0
   Compiling nom v7.1.3
   Compiling simple_asn1 v0.6.4
   Compiling convert_case v0.6.0
   Compiling tinystr v0.8.2
   Compiling potential_utf v0.1.4
   Compiling phf v0.13.1
   Compiling getopts v0.2.24
   Compiling icu_collections v2.1.1
   Compiling icu_locale_core v2.1.1
   Compiling prost v0.12.6
   Compiling bitvec v1.0.1
   Compiling num_enum_derive v0.7.5
   Compiling clap_derive v4.5.55
   Compiling derive_more-impl v1.0.0
   Compiling constgebra v0.1.4
   Compiling tinyvec v1.10.0
   Compiling atoi_simd v0.16.1
   Compiling icu_provider v2.1.1
   Compiling prost-types v0.12.6
   Compiling clap_builder v4.5.58
   Compiling alloc-stdlib v0.2.2
   Compiling windows-sys v0.48.0
   Compiling zip v4.6.1
   Compiling quick-xml v0.37.5
   Compiling codepage v0.1.2
   Compiling icu_properties v2.1.2
   Compiling static_aabb2d_index v2.0.0
   Compiling termcolor v1.4.1
   Compiling futures-executor v0.3.31
   Compiling static_assertions v1.1.0
   Compiling boxcar v0.2.14
   Compiling base64 v0.13.1
   Compiling i_key_sort v0.10.1
   Compiling fast-float2 v0.2.3
   Compiling pathdiff v0.2.3
   Compiling fixedbitset v0.5.7
   Compiling futures v0.3.31
   Compiling prost-build v0.12.6
   Compiling glam v0.29.3
   Compiling unsafe-libyaml v0.2.11
   Compiling i_triangle v0.37.2
   Compiling simplelog v0.12.2
   Compiling brotli-decompressor v2.5.1
   Compiling serde_with v3.16.1
   Compiling jsonxf v1.1.1
   Compiling cached_proc_macro v0.23.0
   Compiling async-recursion v1.1.1
   Compiling serde_repr v0.1.20
   Compiling smallvec v1.15.1
   Compiling arrayvec v0.7.6
   Compiling num-complex v0.4.6
   Compiling chrono v0.4.43
   Compiling rkyv v0.8.15
   Compiling icu_normalizer v2.1.1
   Compiling parking_lot v0.12.5
   Compiling http v1.4.0
   Compiling spade v2.15.0
   Compiling rstar v0.12.2
   Compiling prost v0.14.3
   Compiling http v0.2.12
   Compiling rstest v0.26.1
   Compiling tokio v1.49.0
   Compiling idna_adapter v1.2.1
   Compiling string_cache v0.8.9
   Compiling ndarray v0.17.2
   Compiling idna v1.1.0
   Compiling geo-types v0.7.18
   Compiling prost-types v0.14.3
   Compiling simba v0.9.1
   Compiling ppv-lite86 v0.2.21
error: failed to remove D:\work\plant-code\pdms-io-fork\target_diag_716\debug\deps\i_triangle-879c40da06ffcb13.i_triangle.5e91310c96542143-cgu.3.rcgu.o: 另一个程序正在使用此文件，进程无法访问。 (os error 32)

error: could not compile `i_triangle` (lib) due to 1 previous error
warning: build failed, waiting for other jobs to finish...
