warning: unused import: `std::fs`
 --> build.rs:1:5
  |
1 | use std::fs;
  |     ^^^^^^^
  |
  = note: `#[warn(unused_imports)]` (part of `#[warn(unused)]`) on by default

warning: unused import: `std::process::Command`
 --> build.rs:3:5
  |
3 | use std::process::Command;
  |     ^^^^^^^^^^^^^^^^^^^^^

warning: `pdms_io` (build script) generated 2 warnings
warning: unused `#[macro_use]` import
 --> crates\parse_pdms_db\src\lib.rs:8:1
  |
8 | #[macro_use]
  | ^^^^^^^^^^^^
  |
  = note: `#[warn(unused_imports)]` (part of `#[warn(unused)]`) on by default

warning: unexpected `cfg` condition name: `debug_parse_expr`
    --> crates\parse_pdms_db\src\parse.rs:2647:11
     |
2647 |     #[cfg(debug_parse_expr)]
     |           ^^^^^^^^^^^^^^^^
     |
     = help: expected names are: `docsrs`, `feature`, and `test` and 31 more
     = help: consider using a Cargo feature instead
     = help: or consider adding in `Cargo.toml` the `check-cfg` lint config for the lint:
              [lints.rust]
              unexpected_cfgs = { level = "warn", check-cfg = ['cfg(debug_parse_expr)'] }
     = help: or consider adding `println!("cargo::rustc-check-cfg=cfg(debug_parse_expr)");` to the top of the `build.rs`
     = note: see <https://doc.rust-lang.org/nightly/rustc/check-cfg/cargo-specifics.html> for more information about checking conditional configuration
     = note: `#[warn(unexpected_cfgs)]` on by default

warning: use of deprecated function `nom::sequence::tuple`: `Parser` is directly implemented for tuples
  --> crates\parse_pdms_db\src\parse.rs:44:20
   |
44 | use nom::sequence::tuple;
   |                    ^^^^^
   |
   = note: `#[warn(deprecated)]` on by default

warning: use of deprecated function `nom::sequence::tuple`: `Parser` is directly implemented for tuples
    --> crates\parse_pdms_db\src\parse.rs:1512:47
     |
1512 |                     let (_, (ref_0, ref_1)) = tuple((be_u32, be_u32))(bytes)?;
     |                                               ^^^^^

warning: use of deprecated function `nom::sequence::tuple`: `Parser` is directly implemented for tuples
    --> crates\parse_pdms_db\src\parse.rs:1921:55
     |
1921 | ...                   let (_, (ref_0, ref_1)) = tuple((be_u32, be_u32))(tmp_input)?;
     |                                                 ^^^^^

warning: use of deprecated function `nom::sequence::tuple`: `Parser` is directly implemented for tuples
    --> crates\parse_pdms_db\src\parse.rs:1938:55
     |
1938 | ...                   let (_, (ref_0, ref_1)) = tuple((be_u32, be_u32))(tmp_input)?;
     |                                                 ^^^^^

warning: use of deprecated function `nom::sequence::tuple`: `Parser` is directly implemented for tuples
    --> crates\parse_pdms_db\src\parse.rs:1995:59
     |
1995 | ...                   let (_, (ref_0, ref_1)) = tuple((be_u32, be_u32))(tmp_input)?;
     |                                                 ^^^^^

warning: use of deprecated function `nom::sequence::tuple`: `Parser` is directly implemented for tuples
    --> crates\parse_pdms_db\src\parse.rs:2563:45
     |
2563 |                 let (_, (value1, value2)) = tuple((be_i32, be_i32))(&res_input[8..16])?;
     |                                             ^^^^^

warning: use of deprecated function `nom::sequence::tuple`: `Parser` is directly implemented for tuples
    --> crates\parse_pdms_db\src\parse.rs:2576:45
     |
2576 |                 let (_, (value1, value2)) = tuple((be_i32, be_i32))(&res_input[8..16])?;
     |                                             ^^^^^

warning: use of deprecated function `nom::sequence::tuple`: `Parser` is directly implemented for tuples
    --> crates\parse_pdms_db\src\parse.rs:2596:45
     |
2596 |                 let (_, (value1, value2)) = tuple((be_i32, be_i32))(&res_input[8..16])?;
     |                                             ^^^^^

warning: use of deprecated function `nom::sequence::tuple`: `Parser` is directly implemented for tuples
    --> crates\parse_pdms_db\src\parse.rs:2608:45
     |
2608 |                 let (_, (value1, value2)) = tuple((be_i32, be_i32))(&res_input[8..16])?;
     |                                             ^^^^^

warning: use of deprecated function `nom::sequence::tuple`: `Parser` is directly implemented for tuples
    --> crates\parse_pdms_db\src\parse.rs:2655:13
     |
2655 |             tuple((be_u32, be_u32, be_u32, be_u32, be_u32))(input)?;
     |             ^^^^^

warning: use of deprecated function `nom::sequence::tuple`: `Parser` is directly implemented for tuples
    --> crates\parse_pdms_db\src\parse.rs:2678:41
     |
2678 |                 let (_, (a, b, c, d)) = tuple((be_u32, be_u32, be_u32, be_u32))(tmp_input)?;
     |                                         ^^^^^

warning: use of deprecated function `nom::sequence::tuple`: `Parser` is directly implemented for tuples
    --> crates\parse_pdms_db\src\parse.rs:3099:35
     |
3099 |         let (_, (_len, _refno)) = tuple::<_, _, nom::error::Error<&[u8]>, _>((
     |                                   ^^^^^

warning: use of deprecated function `nom::sequence::tuple`: `Parser` is directly implemented for tuples
  --> crates\parse_pdms_db\src\parse_explict_tools.rs:15:20
   |
15 | use nom::sequence::tuple;
   |                    ^^^^^

warning: use of deprecated function `nom::sequence::tuple`: `Parser` is directly implemented for tuples
   --> crates\parse_pdms_db\src\parse_explict_tools.rs:427:25
    |
427 |                         tuple((be_i32, be_i32))(&expression_input[..])?;
    |                         ^^^^^

warning: unused import: `tokio::io::AsyncReadExt`
  --> crates\parse_pdms_db\src\parse.rs:58:5
   |
58 | use tokio::io::AsyncReadExt;
   |     ^^^^^^^^^^^^^^^^^^^^^^^

warning: unused import: `itertools::Itertools`
  --> crates\parse_pdms_db\src\parse.rs:33:5
   |
33 | use itertools::Itertools;
   |     ^^^^^^^^^^^^^^^^^^^^

warning: unused import: `core::slice::SlicePattern`
  --> crates\parse_pdms_db\src\parse.rs:31:5
   |
31 | use core::slice::SlicePattern;
   |     ^^^^^^^^^^^^^^^^^^^^^^^^^

warning: value assigned to `memb_bytes_len` is never read
   --> crates\parse_pdms_db\src\parse.rs:444:13
    |
444 |             memb_bytes_len = declared_bytes;
    |             ^^^^^^^^^^^^^^^^^^^^^^^^^^^^^^^
    |
    = help: maybe it is overwritten before being read?
    = note: `#[warn(unused_assignments)]` (part of `#[warn(unused)]`) on by default

warning: value assigned to `step_w` is never read
   --> crates\parse_pdms_db\src\parse.rs:489:26
    |
489 |         let mut step_w = 0;
    |                          ^
    |
    = help: maybe it is overwritten before being read?

warning: unused variable: `e`
   --> crates\parse_pdms_db\src\parser\attribute\expression.rs:347:17
    |
347 |             Err(e) => {
    |                 ^ help: if this is intentional, prefix it with an underscore: `_e`
    |
    = note: `#[warn(unused_variables)]` (part of `#[warn(unused)]`) on by default

warning: unused variable: `e`
   --> crates\parse_pdms_db\src\parser\attribute\expression.rs:409:13
    |
409 |         Err(e) => {
    |             ^ help: if this is intentional, prefix it with an underscore: `_e`

warning: unreachable pattern
   --> crates\parse_pdms_db\src\parser\attribute\opcode.rs:199:19
    |
199 |             801 | 0x321 => Ok(ArithmeticOpcode::Negate),
    |             ---   ^^^^^ no value can reach this
    |             |
    |             matches all the relevant values
    |
    = note: `#[warn(unreachable_patterns)]` (part of `#[warn(unused)]`) on by default

warning: unreachable pattern
   --> crates\parse_pdms_db\src\parser\attribute\opcode.rs:200:19
    |
200 |             802 | 0x322 => Ok(ArithmeticOpcode::Plus),
    |             ---   ^^^^^ no value can reach this
    |             |
    |             matches all the relevant values

warning: unreachable pattern
   --> crates\parse_pdms_db\src\parser\attribute\opcode.rs:201:19
    |
201 |             803 | 0x323 => Ok(ArithmeticOpcode::Sub),
    |             ---   ^^^^^ no value can reach this
    |             |
    |             matches all the relevant values

warning: unreachable pattern
   --> crates\parse_pdms_db\src\parser\attribute\opcode.rs:202:19
    |
202 |             804 | 0x324 => Ok(ArithmeticOpcode::Mul),
    |             ---   ^^^^^ no value can reach this
    |             |
    |             matches all the relevant values

warning: unreachable pattern
   --> crates\parse_pdms_db\src\parser\attribute\opcode.rs:203:19
    |
203 |             805 | 0x325 => Ok(ArithmeticOpcode::Div),
    |             ---   ^^^^^ no value can reach this
    |             |
    |             matches all the relevant values

warning: unreachable pattern
   --> crates\parse_pdms_db\src\parser\attribute\opcode.rs:260:19
    |
260 |             901 | 0x385 => Ok(TrigonometricOpcode::Sin),
    |             ---   ^^^^^ no value can reach this
    |             |
    |             matches all the relevant values

warning: unreachable pattern
   --> crates\parse_pdms_db\src\parser\attribute\opcode.rs:261:19
    |
261 |             902 | 0x386 => Ok(TrigonometricOpcode::Cos),
    |             ---   ^^^^^ no value can reach this
    |             |
    |             matches all the relevant values

warning: unreachable pattern
   --> crates\parse_pdms_db\src\parser\attribute\opcode.rs:262:19
    |
262 |             903 | 0x387 => Ok(TrigonometricOpcode::Tan),
    |             ---   ^^^^^ no value can reach this
    |             |
    |             matches all the relevant values

warning: unreachable pattern
   --> crates\parse_pdms_db\src\parser\attribute\opcode.rs:263:19
    |
263 |             904 | 0x388 => Ok(TrigonometricOpcode::Asin),
    |             ---   ^^^^^ no value can reach this
    |             |
    |             matches all the relevant values

warning: unreachable pattern
   --> crates\parse_pdms_db\src\parser\attribute\opcode.rs:264:19
    |
264 |             905 | 0x389 => Ok(TrigonometricOpcode::Acos),
    |             ---   ^^^^^ no value can reach this
    |             |
    |             matches all the relevant values

warning: unreachable pattern
   --> crates\parse_pdms_db\src\parser\attribute\opcode.rs:265:19
    |
265 |             906 | 0x38A => Ok(TrigonometricOpcode::Atan),
    |             ---   ^^^^^ no value can reach this
    |             |
    |             matches all the relevant values

warning: unreachable pattern
   --> crates\parse_pdms_db\src\parser\attribute\opcode.rs:266:19
    |
266 |             907 | 0x38B => Ok(TrigonometricOpcode::Atan2),
    |             ---   ^^^^^ no value can reach this
    |             |
    |             matches all the relevant values

warning: unreachable pattern
   --> crates\parse_pdms_db\src\parser\attribute\opcode.rs:329:20
    |
329 |             1001 | 0x3E9 => Ok(RealFunctionOpcode::Sqrt),
    |             ----   ^^^^^ no value can reach this
    |             |
    |             matches all the relevant values

warning: unreachable pattern
   --> crates\parse_pdms_db\src\parser\attribute\opcode.rs:330:20
    |
330 |             1002 | 0x3EA => Ok(RealFunctionOpcode::Pow),
    |             ----   ^^^^^ no value can reach this
    |             |
    |             matches all the relevant values

warning: unreachable pattern
   --> crates\parse_pdms_db\src\parser\attribute\opcode.rs:331:20
    |
331 |             1003 | 0x3EB => Ok(RealFunctionOpcode::Log),
    |             ----   ^^^^^ no value can reach this
    |             |
    |             matches all the relevant values

warning: unreachable pattern
   --> crates\parse_pdms_db\src\parser\attribute\opcode.rs:332:20
    |
332 |             1004 | 0x3EC => Ok(RealFunctionOpcode::Alog),
    |             ----   ^^^^^ no value can reach this
    |             |
    |             matches all the relevant values

warning: unreachable pattern
   --> crates\parse_pdms_db\src\parser\attribute\opcode.rs:333:20
    |
333 |             1005 | 0x3ED => Ok(RealFunctionOpcode::Int),
    |             ----   ^^^^^ no value can reach this
    |             |
    |             matches all the relevant values

warning: unreachable pattern
   --> crates\parse_pdms_db\src\parser\attribute\opcode.rs:334:20
    |
334 |             1006 | 0x3EE => Ok(RealFunctionOpcode::Nint),
    |             ----   ^^^^^ no value can reach this
    |             |
    |             matches all the relevant values

warning: unreachable pattern
   --> crates\parse_pdms_db\src\parser\attribute\opcode.rs:335:20
    |
335 |             1007 | 0x3EF => Ok(RealFunctionOpcode::Abs),
    |             ----   ^^^^^ no value can reach this
    |             |
    |             matches all the relevant values

warning: unreachable pattern
   --> crates\parse_pdms_db\src\parser\attribute\opcode.rs:336:20
    |
336 |             1008 | 0x3F0 => Ok(RealFunctionOpcode::Max),
    |             ----   ^^^^^ no value can reach this
    |             |
    |             matches all the relevant values

warning: unreachable pattern
   --> crates\parse_pdms_db\src\parser\attribute\opcode.rs:337:20
    |
337 |             1009 | 0x3F1 => Ok(RealFunctionOpcode::Min),
    |             ----   ^^^^^ no value can reach this
    |             |
    |             matches all the relevant values

warning: unreachable pattern
   --> crates\parse_pdms_db\src\parser\attribute\opcode.rs:466:20
    |
466 |             1301 | 0x515 => Ok(StringFunctionOpcode::Length),
    |             ----   ^^^^^ no value can reach this
    |             |
    |             matches all the relevant values

warning: unreachable pattern
   --> crates\parse_pdms_db\src\parser\attribute\opcode.rs:467:20
    |
467 |             1302 | 0x516 => Ok(StringFunctionOpcode::Real),
    |             ----   ^^^^^ no value can reach this
    |             |
    |             matches all the relevant values

warning: unreachable pattern
   --> crates\parse_pdms_db\src\parser\attribute\opcode.rs:468:20
    |
468 |             1303 | 0x517 => Ok(StringFunctionOpcode::Match),
    |             ----   ^^^^^ no value can reach this
    |             |
    |             matches all the relevant values

warning: unreachable pattern
   --> crates\parse_pdms_db\src\parser\attribute\opcode.rs:469:20
    |
469 |             1304 | 0x518 => Ok(StringFunctionOpcode::After),
    |             ----   ^^^^^ no value can reach this
    |             |
    |             matches all the relevant values

warning: unreachable pattern
   --> crates\parse_pdms_db\src\parser\attribute\opcode.rs:470:20
    |
470 |             1305 | 0x519 => Ok(StringFunctionOpcode::Before),
    |             ----   ^^^^^ no value can reach this
    |             |
    |             matches all the relevant values

warning: unreachable pattern
   --> crates\parse_pdms_db\src\parser\attribute\opcode.rs:471:20
    |
471 |             1306 | 0x51A => Ok(StringFunctionOpcode::String),
    |             ----   ^^^^^ no value can reach this
    |             |
    |             matches all the relevant values

warning: unreachable pattern
   --> crates\parse_pdms_db\src\parser\attribute\opcode.rs:472:20
    |
472 |             1307 | 0x51B => Ok(StringFunctionOpcode::Upcase),
    |             ----   ^^^^^ no value can reach this
    |             |
    |             matches all the relevant values

warning: unreachable pattern
   --> crates\parse_pdms_db\src\parser\attribute\opcode.rs:473:20
    |
473 |             1308 | 0x51C => Ok(StringFunctionOpcode::Lowcase),
    |             ----   ^^^^^ no value can reach this
    |             |
    |             matches all the relevant values

warning: unreachable pattern
   --> crates\parse_pdms_db\src\parser\attribute\opcode.rs:474:20
    |
474 |             1309 | 0x51D => Ok(StringFunctionOpcode::Substring),
    |             ----   ^^^^^ no value can reach this
    |             |
    |             matches all the relevant values

warning: unreachable pattern
   --> crates\parse_pdms_db\src\parser\attribute\opcode.rs:475:20
    |
475 |             1311 | 0x51F => Ok(StringFunctionOpcode::Defined),
    |             ----   ^^^^^ no value can reach this
    |             |
    |             matches all the relevant values

warning: unreachable pattern
   --> crates\parse_pdms_db\src\parser\attribute\opcode.rs:476:20
    |
476 |             1312 | 0x520 => Ok(StringFunctionOpcode::Undefined),
    |             ----   ^^^^^ no value can reach this
    |             |
    |             matches all the relevant values

warning: unreachable pattern
   --> crates\parse_pdms_db\src\parser\attribute\opcode.rs:477:20
    |
477 |             1313 | 0x521 => Ok(StringFunctionOpcode::Size),
    |             ----   ^^^^^ no value can reach this
    |             |
    |             matches all the relevant values

warning: unreachable pattern
   --> crates\parse_pdms_db\src\parser\attribute\opcode.rs:478:20
    |
478 |             1314 | 0x522 => Ok(StringFunctionOpcode::Trim),
    |             ----   ^^^^^ no value can reach this
    |             |
    |             matches all the relevant values

warning: unreachable pattern
   --> crates\parse_pdms_db\src\parser\attribute\opcode.rs:479:20
    |
479 |             1315 | 0x523 => Ok(StringFunctionOpcode::Matchwild),
    |             ----   ^^^^^ no value can reach this
    |             |
    |             matches all the relevant values

warning: unreachable pattern
   --> crates\parse_pdms_db\src\parser\attribute\opcode.rs:480:20
    |
480 |             1316 | 0x524 => Ok(StringFunctionOpcode::Width),
    |             ----   ^^^^^ no value can reach this
    |             |
    |             matches all the relevant values

warning: unreachable pattern
   --> crates\parse_pdms_db\src\parser\attribute\opcode.rs:481:20
    |
481 |             1317 | 0x525 => Ok(StringFunctionOpcode::Part),
    |             ----   ^^^^^ no value can reach this
    |             |
    |             matches all the relevant values

warning: unreachable pattern
   --> crates\parse_pdms_db\src\parser\attribute\opcode.rs:482:20
    |
482 |             1321 | 0x529 => Ok(StringFunctionOpcode::Occurs),
    |             ----   ^^^^^ no value can reach this
    |             |
    |             matches all the relevant values

warning: unreachable pattern
   --> crates\parse_pdms_db\src\parser\attribute\opcode.rs:483:20
    |
483 |             1322 | 0x52A => Ok(StringFunctionOpcode::Replace),
    |             ----   ^^^^^ no value can reach this
    |             |
    |             matches all the relevant values

warning: unreachable pattern
   --> crates\parse_pdms_db\src\parser\attribute\opcode.rs:484:20
    |
484 |             1369 | 0x559 => Ok(StringFunctionOpcode::Vtext),
    |             ----   ^^^^^ no value can reach this
    |             |
    |             matches all the relevant values

warning: unreachable pattern
   --> crates\parse_pdms_db\src\parser\attribute\opcode.rs:485:20
    |
485 |             1370 | 0x55A => Ok(StringFunctionOpcode::Vvalue),
    |             ----   ^^^^^ no value can reach this
    |             |
    |             matches all the relevant values

warning: unreachable pattern
   --> crates\parse_pdms_db\src\parser\attribute\opcode.rs:486:20
    |
486 |             1401 | 0x579 => Ok(StringFunctionOpcode::RealAlt),
    |             ----   ^^^^^ no value can reach this
    |             |
    |             matches all the relevant values

warning: unreachable pattern
   --> crates\parse_pdms_db\src\parser\attribute\opcode.rs:487:20
    |
487 |             1410 | 0x582 => Ok(StringFunctionOpcode::Str),
    |             ----   ^^^^^ no value can reach this
    |             |
    |             matches all the relevant values

warning: unreachable pattern
   --> crates\parse_pdms_db\src\parser\attribute\opcode.rs:532:19
    |
532 |             301 | 0x12D => Ok(BooleanOpcode::Not),
    |             ---   ^^^^^ no value can reach this
    |             |
    |             matches all the relevant values

warning: unreachable pattern
   --> crates\parse_pdms_db\src\parser\attribute\opcode.rs:533:19
    |
533 |             302 | 0x12E => Ok(BooleanOpcode::And),
    |             ---   ^^^^^ no value can reach this
    |             |
    |             matches all the relevant values

warning: unreachable pattern
   --> crates\parse_pdms_db\src\parser\attribute\opcode.rs:534:19
    |
534 |             303 | 0x12F => Ok(BooleanOpcode::Or),
    |             ---   ^^^^^ no value can reach this
    |             |
    |             matches all the relevant values

warning: unreachable pattern
   --> crates\parse_pdms_db\src\parser\attribute\opcode.rs:580:19
    |
580 |             401 | 0x191 => Ok(ComparisonOpcode::Eq),
    |             ---   ^^^^^ no value can reach this
    |             |
    |             matches all the relevant values

warning: unreachable pattern
   --> crates\parse_pdms_db\src\parser\attribute\opcode.rs:581:19
    |
581 |             501 | 0x1F5 => Ok(ComparisonOpcode::Neq),
    |             ---   ^^^^^ no value can reach this
    |             |
    |             matches all the relevant values

warning: unreachable pattern
   --> crates\parse_pdms_db\src\parser\attribute\opcode.rs:583:19
    |
583 |             601 | 0x259 | 602 => Ok(ComparisonOpcode::Gt),
    |             ---   ^^^^^ no value can reach this
    |             |
    |             matches all the relevant values

warning: function `gen_resolve_error` is never used
  --> crates\parse_pdms_db\src\error_types.rs:57:4
   |
57 | fn gen_resolve_error() -> anyhow::Result<u32> {
   |    ^^^^^^^^^^^^^^^^^
   |
   = note: `#[warn(dead_code)]` (part of `#[warn(unused)]`) on by default

warning: function `get_uda_short_name` is never used
    --> crates\parse_pdms_db\src\parse.rs:1588:4
     |
1588 | fn get_uda_short_name(hash: i32) -> Option<String> {
     |    ^^^^^^^^^^^^^^^^^^

warning: function `convert_int_to_axis_str` is never used
    --> crates\parse_pdms_db\src\parse.rs:2151:4
     |
2151 | fn convert_int_to_axis_str(n: i32) -> &'static str {
     |    ^^^^^^^^^^^^^^^^^^^^^^^

warning: `parse_pdms_db` (lib) generated 75 warnings (run `cargo fix --lib -p parse_pdms_db` to apply 2 suggestions)
warning: unused import: `anyhow::anyhow`
 --> src\common.rs:1:5
  |
1 | use anyhow::anyhow;
  |     ^^^^^^^^^^^^^^
  |
  = note: `#[warn(unused_imports)]` (part of `#[warn(unused)]`) on by default

warning: unused import: `deku::prelude::*`
 --> src\common.rs:2:5
  |
2 | use deku::prelude::*;
  |     ^^^^^^^^^^^^^^^^

warning: unused imports: `TryFrom` and `TryInto`
 --> src\common.rs:3:20
  |
3 | use std::convert::{TryFrom, TryInto};
  |                    ^^^^^^^  ^^^^^^^

warning: unused import: `std::fmt::Debug`
 --> src\common.rs:4:5
  |
4 | use std::fmt::Debug;
  |     ^^^^^^^^^^^^^^^

warning: unused import: `std::fs::File`
 --> src\common.rs:5:5
  |
5 | use std::fs::File;
  |     ^^^^^^^^^^^^^

warning: unused imports: `Read`, `SeekFrom`, and `Seek`
 --> src\common.rs:6:15
  |
6 | use std::io::{Read, Seek, SeekFrom};
  |               ^^^^  ^^^^  ^^^^^^^^

warning: unused import: `std::mem::size_of`
 --> src\common.rs:7:5
  |
7 | use std::mem::size_of;
  |     ^^^^^^^^^^^^^^^^^

warning: unused import: `MappedLocalTime`
 --> src\defines.rs:4:31
  |
4 | use chrono::{DateTime, Local, MappedLocalTime, TimeZone, Utc};
  |                               ^^^^^^^^^^^^^^^

warning: unused import: `TryInto`
  --> src\defines.rs:10:29
   |
10 | use std::convert::{TryFrom, TryInto};
   |                             ^^^^^^^

warning: unused import: `std::str::FromStr`
  --> src\defines.rs:11:5
   |
11 | use std::str::FromStr;
   |     ^^^^^^^^^^^^^^^^^

warning: unused import: `std::collections::HashMap`
  --> src\element_serializer.rs:24:5
   |
24 | use std::collections::HashMap;
   |     ^^^^^^^^^^^^^^^^^^^^^^^^^

warning: unnecessary parentheses around function argument
   --> src\page_manager.rs:523:55
    |
523 |             let mut page = CachedPage::new(i, 0, vec![(i as u8); 512]);
    |                                                       ^       ^
    |
    = note: `#[warn(unused_parens)]` (part of `#[warn(unused)]`) on by default
help: remove these parentheses
    |
523 -             let mut page = CachedPage::new(i, 0, vec![(i as u8); 512]);
523 +             let mut page = CachedPage::new(i, 0, vec![i as u8; 512]);
    |

warning: unused import: `std::path::Path`
  --> src\test\test_case_loader.rs:24:5
   |
24 | use std::path::Path;
   |     ^^^^^^^^^^^^^^^

warning: unused import: `extract_test_refnos`
  --> src\test\test_collect_latest_eles.rs:10:45
   |
10 | use crate::io::{EleOperationDetail, PdmsIO, extract_test_refnos};
   |                                             ^^^^^^^^^^^^^^^^^^^

warning: unused import: `crate::io::PdmsIO`
 --> src\test\test_desp_attribute.rs:5:5
  |
5 | use crate::io::PdmsIO;
  |     ^^^^^^^^^^^^^^^^^

warning: unused import: `crate::test::resolve_test_db_path`
 --> src\test\test_desp_attribute.rs:6:5
  |
6 | use crate::test::resolve_test_db_path;
  |     ^^^^^^^^^^^^^^^^^^^^^^^^^^^^^^^^^

warning: unused import: `aios_core::RefU64`
 --> src\test\test_desp_attribute.rs:7:5
  |
7 | use aios_core::RefU64;
  |     ^^^^^^^^^^^^^^^^^

warning: unused import: `parse_pdms_db::parse::parse_raw_ele_data`
 --> src\test\test_desp_attribute.rs:8:5
  |
8 | use parse_pdms_db::parse::parse_raw_ele_data;
  |     ^^^^^^^^^^^^^^^^^^^^^^^^^^^^^^^^^^^^^^^^

warning: unused import: `std::path::Path`
 --> src\test\test_desp_attribute.rs:9:5
  |
9 | use std::path::Path;
  |     ^^^^^^^^^^^^^^^

warning: unused import: `crate::io::PdmsIO`
 --> src\test\test_history_data.rs:1:5
  |
1 | use crate::io::PdmsIO;
  |     ^^^^^^^^^^^^^^^^^

warning: unused imports: `RefU64` and `init_test_surreal`
 --> src\test\test_history_data.rs:3:17
  |
3 | use aios_core::{RefU64, init_test_surreal};
  |                 ^^^^^^  ^^^^^^^^^^^^^^^^^

warning: unused import: `aios_core::tool::db_tool::db1_dehash`
 --> src\test\test_parse_ele.rs:3:5
  |
3 | use aios_core::tool::db_tool::db1_dehash;
  |     ^^^^^^^^^^^^^^^^^^^^^^^^^^^^^^^^^^^^

warning: unused imports: `EleOperationDetail` and `PdmsIO`
 --> src\test\test_refno_status.rs:8:17
  |
8 | use crate::io::{EleOperationDetail, PdmsIO};
  |                 ^^^^^^^^^^^^^^^^^^  ^^^^^^

warning: unused import: `crate::test::resolve_test_db_path`
 --> src\test\test_refno_status.rs:9:5
  |
9 | use crate::test::resolve_test_db_path;
  |     ^^^^^^^^^^^^^^^^^^^^^^^^^^^^^^^^^

warning: unused imports: `EleOperation` and `RefU64`
  --> src\test\test_refno_status.rs:10:29
   |
10 | use aios_core::pdms_types::{EleOperation, RefU64};
   |                             ^^^^^^^^^^^^  ^^^^^^

warning: unused import: `std::time::Instant`
  --> src\test\test_refno_status.rs:11:5
   |
11 | use std::time::Instant;
   |     ^^^^^^^^^^^^^^^^^^

warning: unused import: `crate::io::PdmsIO`
 --> src\test\test_ses_validate.rs:1:5
  |
1 | use crate::io::PdmsIO;
  |     ^^^^^^^^^^^^^^^^^

warning: unused import: `crate::test::resolve_test_db_path`
 --> src\test\test_ses_validate.rs:2:5
  |
2 | use crate::test::resolve_test_db_path;
  |     ^^^^^^^^^^^^^^^^^^^^^^^^^^^^^^^^^

warning: unused import: `anyhow::Result`
 --> src\test\test_ses_validate.rs:3:5
  |
3 | use anyhow::Result;
  |     ^^^^^^^^^^^^^^

warning: unused import: `std::collections::HashSet`
 --> src\test\test_ses_validate.rs:4:5
  |
4 | use std::collections::HashSet;
  |     ^^^^^^^^^^^^^^^^^^^^^^^^^

warning: unused import: `std::path::Path`
 --> src\test\test_ses_validate.rs:5:5
  |
5 | use std::path::Path;
  |     ^^^^^^^^^^^^^^^

warning: unused import: `crate::defines::*`
 --> src\test\test_write_integration.rs:3:9
  |
3 |     use crate::defines::*;
  |         ^^^^^^^^^^^^^^^^^

warning: unused import: `aios_core::RefU64`
 --> src\test\test_write_integration.rs:6:9
  |
6 |     use aios_core::RefU64;
  |         ^^^^^^^^^^^^^^^^^

warning: unused import: `PageKey`
  --> src\writer.rs:14:27
   |
14 | use crate::page_manager::{PageKey, PageManager};
   |                           ^^^^^^^

warning: unused import: `tokio::fs::File`
 --> src\sync\sync.rs:5:5
  |
5 | use tokio::fs::File;
  |     ^^^^^^^^^^^^^^^

warning: unused import: `log::*`
 --> src\sync\compress.rs:4:5
  |
4 | use log::*;
  |     ^^^^^^

warning: unused import: `std::fs::create_dir_all`
 --> src\sync\compress.rs:5:5
  |
5 | use std::fs::create_dir_all;
  |     ^^^^^^^^^^^^^^^^^^^^^^^

warning: unused import: `human_size`
  --> src\sync\compress.rs:14:13
   |
14 | use crate::{human_size /*info_cmd*/};
   |             ^^^^^^^^^^

warning: unused import: `archive_reader::IoReader`
  --> src\sync\compress.rs:16:24
   |
16 | use dpcsync::{HashSum, archive_reader::IoReader, chunk_dictionary as dict};
   |                        ^^^^^^^^^^^^^^^^^^^^^^^^

warning: unused import: `PdmsHeader`
 --> src\watch.rs:1:39
  |
1 | use crate::defines::{DbPageBasicInfo, PdmsHeader};
  |                                       ^^^^^^^^^^

warning: unused import: `future::ok`
 --> src\watch.rs:7:5
  |
7 |     future::ok,
  |     ^^^^^^^^^^

warning: unused import: `RecursiveMode`
  --> src\watch.rs:11:49
   |
11 | use notify::{Config, Event, RecommendedWatcher, RecursiveMode, Watcher};
   |                                                 ^^^^^^^^^^^^^

warning: unused import: `Read`
  --> src\watch.rs:13:15
   |
13 | use std::io::{Read, Write};
   |               ^^^^

warning: unused import: `crate::io::PdmsIO`
 --> src\tests\refno_test.rs:1:5
  |
1 | use crate::io::PdmsIO;
  |     ^^^^^^^^^^^^^^^^^

warning: unused imports: `EleOperation` and `RefU64`
 --> src\tests\refno_test.rs:2:29
  |
2 | use aios_core::pdms_types::{EleOperation, RefU64};
  |                             ^^^^^^^^^^^^  ^^^^^^

warning: unused import: `Path`
 --> src\tests\refno_test.rs:4:17
  |
4 | use std::path::{Path, PathBuf};
  |                 ^^^^

warning: unused import: `Instant`
 --> src\tests\refno_test.rs:5:27
  |
5 | use std::time::{Duration, Instant};
  |                           ^^^^^^^

warning: unreachable expression
  --> src\sync\sync.rs:37:5
   |
35 |     anyhow::bail!("compress_archive is not available: dpcsync dependency is commented out");
   |     --------------------------------------------------------------------------------------- any code following this expression is unreachable
36 |
37 |     Ok(())
   |     ^^^^^^ unreachable expression
   |
   = note: `#[warn(unreachable_code)]` (part of `#[warn(unused)]`) on by default

warning: unused import: `TryFrom`
  --> src\defines.rs:10:20
   |
10 | use std::convert::{TryFrom, TryInto};
   |                    ^^^^^^^

warning: unused import: `StreamExt`
 --> src\watch.rs:5:14
  |
5 |     SinkExt, StreamExt,
  |              ^^^^^^^^^

warning: variable does not need to be mutable
   --> src\defines.rs:497:25
    |
497 |         let (next_rest, mut d) = RefnoDataLoc::read(rest, ())?;
    |                         ----^
    |                         |
    |                         help: remove this `mut`
    |
    = note: `#[warn(unused_mut)]` (part of `#[warn(unused)]`) on by default

warning: unused variable: `latest_sesno`
   --> src\test\test_collect_latest_eles.rs:802:18
    |
802 |     if let Some((latest_sesno, latest_offset)) = latest {
    |                  ^^^^^^^^^^^^ help: if this is intentional, prefix it with an underscore: `_latest_sesno`
    |
    = note: `#[warn(unused_variables)]` (part of `#[warn(unused)]`) on by default

warning: variable does not need to be mutable
    --> src\test\test_collect_latest_eles.rs:1190:5
     |
1190 |     mut path: Vec<u32>,
     |     ----^^^^
     |     |
     |     help: remove this `mut`

warning: unused variable: `rest`
  --> src\test\test_parse.rs:61:10
   |
61 |     let (rest, deku_test) = DekuTestEnum::from_bytes(rest).unwrap();
   |          ^^^^ help: if this is intentional, prefix it with an underscore: `_rest`

warning: unused variable: `written`
   --> src\writer.rs:835:13
    |
835 |         let written = self.element_writer.flush(file)?;
    |             ^^^^^^^ help: if this is intentional, prefix it with an underscore: `_written`

warning: unused variable: `index`
  --> src\sync\compress.rs:93:18
   |
93 |             let (index, offset, verified, compressed) = result.context("Error compressing")?;
   |                  ^^^^^ help: if this is intentional, prefix it with an underscore: `_index`

warning: unused variable: `offset`
  --> src\sync\compress.rs:93:25
   |
93 |             let (index, offset, verified, compressed) = result.context("Error compressing")?;
   |                         ^^^^^^ help: if this is intentional, prefix it with an underscore: `_offset`

warning: unused variable: `input`
   --> src\watch.rs:139:21
    |
139 |                 let input = path.to_path_buf();
    |                     ^^^^^ help: if this is intentional, prefix it with an underscore: `_input`

warning: unused variable: `output`
   --> src\watch.rs:140:21
    |
140 |                 let output: PathBuf =
    |                     ^^^^^^ help: if this is intentional, prefix it with an underscore: `_output`

warning: unused variable: `tmp_path`
   --> src\watch.rs:142:21
    |
142 |                 let tmp_path = cbas_dir_path.clone();
    |                     ^^^^^^^^ help: if this is intentional, prefix it with an underscore: `_tmp_path`

warning: unused variable: `rotate_size`
  --> src\io_log.rs:44:5
   |
44 |     rotate_size: u64,
   |     ^^^^^^^^^^^ help: if this is intentional, prefix it with an underscore: `_rotate_size`

warning: unused variable: `max_files`
  --> src\io_log.rs:45:5
   |
45 |     max_files: usize,
   |     ^^^^^^^^^ help: if this is intentional, prefix it with an underscore: `_max_files`

warning: associated function `has_next_block_header` is never used
   --> src\element_record_reader.rs:168:8
    |
 10 | impl ElementRecordReader {
    | ------------------------ associated function in this implementation
...
168 |     fn has_next_block_header(data: &[u8], pos: usize) -> bool {
    |        ^^^^^^^^^^^^^^^^^^^^^
    |
    = note: `#[warn(dead_code)]` (part of `#[warn(unused)]`) on by default

warning: function `find_session_for_page` is never used
    --> src\test\test_collect_latest_eles.rs:1151:4
     |
1151 | fn find_session_for_page(io: &mut PdmsIO, page_no: u32) -> Option<u32> {
     |    ^^^^^^^^^^^^^^^^^^^^^

warning: function `find_parent_index_path` is never used
    --> src\test\test_collect_latest_eles.rs:1170:4
     |
1170 | fn find_parent_index_path(io: &mut PdmsIO, leaf_page_no: u32, sesno: u32) {
     |    ^^^^^^^^^^^^^^^^^^^^^^

warning: function `find_path_to_leaf` is never used
    --> src\test\test_collect_latest_eles.rs:1186:4
     |
1186 | fn find_path_to_leaf(
     |    ^^^^^^^^^^^^^^^^^

warning: function `find_leaf_in_index_tree` is never used
    --> src\test\test_collect_latest_eles.rs:1229:4
     |
1229 | fn find_leaf_in_index_tree(io: &mut PdmsIO, target_leaf_page: u32, current_page: u32) -> bool {
     |    ^^^^^^^^^^^^^^^^^^^^^^^

warning: function `analyze_missing_refno` is never used
    --> src\test\test_collect_latest_eles.rs:1256:10
     |
1256 | async fn analyze_missing_refno(io: &mut PdmsIO, target_refno: RefU64) {
     |          ^^^^^^^^^^^^^^^^^^^^^

warning: function `search_page_in_level1_index` is never used
    --> src\test\test_collect_latest_eles.rs:1436:4
     |
1436 | fn search_page_in_level1_index(io: &mut PdmsIO, target_page_no: u32) {
     |    ^^^^^^^^^^^^^^^^^^^^^^^^^^^

warning: function `analyze_correct_index_traversal` is never used
    --> src\test\test_collect_latest_eles.rs:1559:10
     |
1559 | async fn analyze_correct_index_traversal(io: &mut PdmsIO, target_refno: RefU64) {
     |          ^^^^^^^^^^^^^^^^^^^^^^^^^^^^^^^

warning: function `analyze_level1_index_with_deduplication` is never used
    --> src\test\test_collect_latest_eles.rs:1643:10
     |
1643 | async fn analyze_level1_index_with_deduplication(
     |          ^^^^^^^^^^^^^^^^^^^^^^^^^^^^^^^^^^^^^^^

warning: function `check_leaf_node_for_target` is never used
    --> src\test\test_collect_latest_eles.rs:1701:10
     |
1701 | async fn check_leaf_node_for_target(io: &mut PdmsIO, page_no: u32, target_refno: RefU64) {
     |          ^^^^^^^^^^^^^^^^^^^^^^^^^^

warning: function `is_start_index_marker` is never used
    --> src\test\test_collect_latest_eles.rs:1749:4
     |
1749 | fn is_start_index_marker(refno_0: u32, refno_1: u32) -> bool {
     |    ^^^^^^^^^^^^^^^^^^^^^

warning: function `test_new_search_strategy` is never used
    --> src\test\test_collect_latest_eles.rs:1755:10
     |
1755 | async fn test_new_search_strategy(io: &mut PdmsIO, target_refno: RefU64) {
     |          ^^^^^^^^^^^^^^^^^^^^^^^^

warning: function `search_with_new_strategy` is never used
    --> src\test\test_collect_latest_eles.rs:1862:10
     |
1862 | async fn search_with_new_strategy(io: &mut PdmsIO, page_no: u32, target_refno: RefU64, depth: u32) {
     |          ^^^^^^^^^^^^^^^^^^^^^^^^

warning: function `search_refno_in_btree_traditional` is never used
    --> src\test\test_collect_latest_eles.rs:2016:4
     |
2016 | fn search_refno_in_btree_traditional(
     |    ^^^^^^^^^^^^^^^^^^^^^^^^^^^^^^^^^

warning: function `search_btree_traditional_recursive` is never used
    --> src\test\test_collect_latest_eles.rs:2035:4
     |
2035 | fn search_btree_traditional_recursive(
     |    ^^^^^^^^^^^^^^^^^^^^^^^^^^^^^^^^^^

warning: function `search_refno_in_btree_optimized` is never used
    --> src\test\test_collect_latest_eles.rs:2066:4
     |
2066 | fn search_refno_in_btree_optimized(
     |    ^^^^^^^^^^^^^^^^^^^^^^^^^^^^^^^

warning: function `search_btree_optimized_recursive` is never used
    --> src\test\test_collect_latest_eles.rs:2090:4
     |
2090 | fn search_btree_optimized_recursive(
     |    ^^^^^^^^^^^^^^^^^^^^^^^^^^^^^^^^

warning: function `backtrack_and_continue_search` is never used
    --> src\test\test_collect_latest_eles.rs:2289:4
     |
2289 | fn backtrack_and_continue_search(
     |    ^^^^^^^^^^^^^^^^^^^^^^^^^^^^^

warning: constant `DESP_HASH` is never used
  --> src\test\test_desp_attribute.rs:12:7
   |
12 | const DESP_HASH: i32 = 0x000D20C7;
   |       ^^^^^^^^^

warning: function `get_test_db_path` is never used
 --> src\tests\refno_test.rs:8:4
  |
8 | fn get_test_db_path() -> PathBuf {
  |    ^^^^^^^^^^^^^^^^

warning: function `format_duration` is never used
  --> src\tests\refno_test.rs:19:4
   |
19 | fn format_duration(duration: Duration) -> String {
   |    ^^^^^^^^^^^^^^^

warning: unused `Result` that must be used
  --> src\test\test_parse_ele.rs:20:5
   |
20 |     dbg!(att);
   |     ^^^^^^^^^
   |
   = note: this `Result` may be an `Err` variant, which should be handled
   = note: `#[warn(unused_must_use)]` (part of `#[warn(unused)]`) on by default
help: use `let _ = ...` to ignore the resulting value
   |
20 |     let _ = dbg!(att);
   |     +++++++

warning: unused `Result` that must be used
  --> src\test\test_parse_ele.rs:25:5
   |
25 |     init_test_surreal().await;
   |     ^^^^^^^^^^^^^^^^^^^^^^^^^
   |
   = note: this `Result` may be an `Err` variant, which should be handled
help: use `let _ = ...` to ignore the resulting value
   |
25 |     let _ = init_test_surreal().await;
   |     +++++++

warning: `pdms_io` (lib test) generated 85 warnings (run `cargo fix --lib -p pdms_io --tests` to apply 59 suggestions)
    Finished `test` profile [unoptimized + debuginfo] target(s) in 0.83s
     Running unittests src\lib.rs (target\debug\deps\pdms_io-a116843fe92262c2.exe)

running 1 test
[src\test\test_max_att_version.rs:16:5] max_att_pgno = 50656
[src\test\test_max_att_version.rs:18:5] max_att_version = 1020
[src\io.rs:3268:9] &session_numbers.len() = 0
[src\test\test_max_att_version.rs:21:5] &incr_eles.len() = 0
test test::test_max_att_version::test_get_max_att_pgno ... ok

test result: ok. 1 passed; 0 failed; 0 ignored; 0 measured; 75 filtered out; finished in 0.04s


=== LOG CHECK (parse keywords) ===
--- pattern: 解析元素失败 ---
1154:--- pattern: 解析元素失败 ---
--- pattern: collect_eles_in_session: ---
1156:--- pattern: collect_eles_in_session: ---
--- pattern: Failed to ---
1158:--- pattern: Failed to ---
--- pattern: Warning: ---
1160:--- pattern: Warning: ---
--- pattern: panicked ---
1162:--- pattern: panicked ---
--- pattern: FAILED ---
1164:--- pattern: FAILED ---
--- pattern: error: ---
110:3099 |         let (_, (_len, _refno)) = tuple::<_, _, nom::error::Error<&[u8]>, _>((
1166:--- pattern: error: ---
--- pattern: test result: ---
1150:test result: ok. 1 passed; 0 failed; 0 ignored; 0 measured; 75 filtered out; finished in 0.04s
1169:--- pattern: test result: ---
